// Jest Snapshot v1, https://goo.gl/fbAQLP

exports[`Render OverviewTab 1`] = `
Array [
  <div
    className="movie-rating"
  >
    <div
      className="movie-rating__score"
    >
      5
    </div>
    <p
      className="movie-rating__meta"
    >
      <span
        className="movie-rating__level"
      >
        Good
      </span>
      <span
        className="movie-rating__count"
      >
        7
         ratings
      </span>
    </p>
  </div>,
  <div
    className="movie-card__text"
  >
    Fantastic Beasts: The Crimes of Grindelwald
    <p
      className="movie-card__director"
    >
      <strong>
        Director: 
        Wes Andreson
      </strong>
    </p>
    <p
      className="movie-card__starring"
    >
      <strong>
        Starring: 
        Bill Murray, Edward Norton, Jude Law
      </strong>
    </p>
  </div>,
]
`;
