// Jest Snapshot v1, https://goo.gl/fbAQLP

exports[`Render <VideoPlayer /> 1`] = `
<video
  height="175"
  muted={true}
  poster="img/fantastic-beasts-the-crimes-of-grindelwald.jpg"
  src="https://upload.wikimedia.org/"
  width="280"
/>
`;
